[www.countrybank.com/index.html]
[www.countrybank.com/xmlrpc.php]
[www.countrybank.com/wp-content/themes/CB-2022/favicon.png]
[www.countrybank.com/exit/index1250.html]
[www.countrybank.com/wp-content/themes/CB-2022/tileicon.png]
[www.countrybank.com/wp-content/themes/CB-2022/apple-touch-icon.png]
[backblue.gif]
[fade.gif]
[index.html]
[www.countrybank.com/wp-includes/css/dist/block-library/style.min1eb7.css]
[www.countrybank.com/wp-content/themes/CB-2022/assets/styles/screen6301.css]
[www.countrybank.com/feed/index.html]
[ajax.googleapis.com/ajax/libs/jquery/3.5.1/jquery.min9d52.js]
[www.countrybank.com/wp-json/wp/v2/pages/311.json]
[www.countrybank.com/wp-json/index.html]
[www.countrybank.com/xmlrpc0db0.php]
[www.countrybank.com/wp-includes/wlwmanifest.xml]
[www.countrybank.com/wp-json/oembed/1.0/embed3fd9.json]
[www.countrybank.com/wp-json/oembed/1.0/embed72d0]
[www.countrybank.com/wp-content/uploads/Make-A-Difference-Banner-Crop.jpg]
[www.countrybank.com/wp-content/uploads/Business-Difference-Banner.jpg]
[www.countrybank.com/resources/personal-resources/financial-education/index.html]
[www.countrybank.com/customer-service/locations-atms/index.html]
[www.countrybank.com/wp-content/uploads/CB_Website_0000s_0001_Mortgage.jpg]
[www.countrybank.com/customer-service/index.html]
[www.countrybank.com/rates/index.html]
[www.countrybank.com/wp-content/themes/CB-2022/assets/search/index.html]
[www.countrybank.com/personal/index.html]
[www.countrybank.com/joinourteam/index.html]
[www.countrybank.com/personal/checking-accounts/index.html]
[www.countrybank.com/personal/checking-accounts/kasasa-rewards-checking/index.html]
[www.countrybank.com/personal/checking-accounts/kasasa-protect/index.html]
[www.countrybank.com/wp-content/uploads/CB_Website_0000s_0000_Business.jpg]
[www.countrybank.com/student-checking/index.html]
[www.countrybank.com/personal/youth-accounts/index.html]
[www.countrybank.com/personal/eservices/index.html]
[www.countrybank.com/chipcard/index.html]
[www.countrybank.com/personal/mobile-app/index.html]
[www.countrybank.com/personal/savings-cds/index.html]
[www.countrybank.com/wp-content/uploads/WooSox_Logo-300x263.png]
[www.countrybank.com/personal/savings-cds/kasasa-saver/index.html]
[www.countrybank.com/personal/consumer-loans-2/index.html]
[www.countrybank.com/wp-content/uploads/2017/12/privacy-notice.pdf]
[www.countrybank.com/personal/retirement-accounts/index.html]
[www.countrybank.com/personal/mortgages/index.html]
[www.countrybank.com/personal/loan-professionals/index.html]
[www.countrybank.com/wp-content/themes/CB-2022/assets/images/dif@2x.png]
[www.countrybank.com/exit/indexbad4.html]
[www.countrybank.com/wp-content/themes/CB-2022/assets/images/fdic@2x.png]
[www.countrybank.com/no-down-payment-first-time-homebuyer-program/index.html]
[www.countrybank.com/personal/consumer-loans/index.html]
[www.countrybank.com/business/index.html]
[www.countrybank.com/business/business-lending-3/index.html]
[www.countrybank.com/wp-content/themes/CB-2022/assets/images/fha@2x.png]
[www.countrybank.com/eloan/index.html]
[www.countrybank.com/businessexpress/index.html]
[www.countrybank.com/business/lending-officers/index.html]
[www.countrybank.com/business/business-deposit-services/index.html]
[www.countrybank.com/wp-content/themes/CB-2022/assets]
[www.countrybank.com/business/business-deposit-services/cash-management/index.html]
[www.countrybank.com/wp-content/themes/CB-2022]
[www.countrybank.com/resources/index.html]
[www.countrybank.com/resources/business-resources/index.html]
[www.countrybank.com/wp-content/themes/CB-2022/assets/js/modernizr.js]
[www.countrybank.com/resources/personal-resources/index.html]
[www.countrybank.com/resources/mortgage-resources/index.html]
[www.countrybank.com/wp-content/themes/CB-2022/assets/js/media-match.js]
[www.countrybank.com/resources/fraud-security/index.html]
[www.countrybank.com/resources/calculators/index.html]
[www.countrybank.com/about-us/index.html]
[www.countrybank.com/about-us/career-opportunities/index.html]
[s7.addthis.com/js/300/addthis_widget.js]
[www.countrybank.com/communications-center/index.html]
[www.countrybank.com/events-calendar/index.html]
[www.countrybank.com/personal/youth-accounts/most-valuable-teacher/index.html]
[www.countrybank.com/wp-content/themes/CB-2022/assets/js/libraries43cc.js]
[www.countrybank.com/about-us/donation-request-form/index.html]
[www.countrybank.com/even-hard-work-needs-a-partner/index.html]
[www.countrybank.com/about-us/safety-soundness/index.html]
[www.countrybank.com/wp-content/themes/CB-2022/assets/js/vendor43cc.js]
[www.countrybank.com/wp-content/themes/CB-2022/assets/js/app.min333f.js]
[www.countrybank.com/about-us/annual-report-2/index.html]
[www.countrybank.com/about-us/board-members/index.html]
[www.countrybank.com/customer-service/contact-us/index.html]
[www.countrybank.com/wp-content/themes/CB-2022/assets/images/badge-apple@2x.png]
[www.countrybank.com/exit/indexe736.html]
[www.countrybank.com/wp-content/themes/CB-2022/assets/images/badge-google@2x.png]
[www.countrybank.com/index.html]
[www.countrybank.com/exit/index61bd.html]
[www.countrybank.com/exit/index04c7.html]
[www.countrybank.com/exit/indexe61c.html]
[www.countrybank.com/gowoosox/index.html]
[www.countrybank.com/legal-notices/terms-of-use/index.html]
[www.countrybank.com/wp-json/wp/v2/pages/584.json]
[www.countrybank.com/exit/index41ea.html]
[www.countrybank.com/exit/indexae9d.html]
[www.countrybank.com/exit/indexc28b.html]
[www.countrybank.com/wp-json/oembed/1.0/embed56d6.json]
[www.countrybank.com/customer-service/check-reorder/index.html]
[www.countrybank.com/customer-service/faqs/index.html]
[www.countrybank.com/customer-service/register-for-enews/index.html]
[www.countrybank.com/wp-json/oembed/1.0/embedd410]
[www.countrybank.com/exit/index1250.html]
[www.countrybank.com/kasasa-saver/index.html]
[www.countrybank.com/sbappp/index.html]
[www.countrybank.com/personal/student-banking/index.html]
[www.countrybank.com/xmlrpc.php]
[www.countrybank.com/exit/index366f.html]
[www.googletagmanager.com/gtm5445.html]
[www.countrybank.com/wp-includes/css/dist/block-library/style.min1eb7.css]
[www.countrybank.com/index63e6.html]
[www.countrybank.com/exit/index27c0.html]
[www.countrybank.com/exit/index.html]
[www.countrybank.com/wp-content/themes/CB-2022/assets/fonts/348D1F_2_0.woff2]
[www.countrybank.com/wp-content/themes/CB-2022/assets/fonts/348D1F_2_0.woff]
[www.countrybank.com/wp-content/themes/CB-2022/assets/fonts/348D1F_2_0.ttf]
[www.countrybank.com/wp-content/themes/CB-2022/assets/fonts/348D1F_3_0.woff2]
[www.countrybank.com/wp-content/themes/CB-2022/assets/fonts/348D1F_3_0.woff]
[www.countrybank.com/wp-content/themes/CB-2022/assets/fonts/348D1F_3_0.ttf]
[www.countrybank.com/wp-content/themes/CB-2022/assets/fonts/348D1F_4_0.woff2]
[www.countrybank.com/wp-content/themes/CB-2022/assets/fonts/348D1F_4_0.woff]
[www.countrybank.com/wp-content/themes/CB-2022/assets/fonts/348D1F_4_0.ttf]
[www.countrybank.com/wp-content/themes/CB-2022/assets/fonts/348D1F_5_0.woff2]
[www.countrybank.com/wp-content/themes/CB-2022/assets/fonts/348D1F_5_0.woff]
[www.countrybank.com/wp-content/themes/CB-2022/assets/fonts/348D1F_5_0.ttf]
[www.countrybank.com/wp-content/themes/CB-2022/assets/fonts/348D1F_6_0.woff2]
[www.countrybank.com/wp-content/themes/CB-2022/assets/fonts/348D1F_6_0.woff]
[www.countrybank.com/wp-content/themes/CB-2022/assets/fonts/348D1F_6_0.ttf]
[www.countrybank.com/wp-content/themes/CB-2022/assets/fonts/348D1F_7_0.woff2]
[www.countrybank.com/wp-content/themes/CB-2022/assets/fonts/348D1F_7_0.woff]
[www.countrybank.com/wp-content/themes/CB-2022/assets/fonts/348D1F_7_0.ttf]
[www.countrybank.com/wp-content/themes/CB-2022/assets/fonts/348D1F_8_0.woff2]
[www.countrybank.com/wp-content/themes/CB-2022/assets/fonts/348D1F_8_0.woff]
[www.countrybank.com/wp-content/themes/CB-2022/assets/fonts/348D1F_8_0.ttf]
[www.countrybank.com/wp-content/themes/CB-2022/assets/fonts/348D1F_9_0.woff2]
[www.countrybank.com/wp-content/themes/CB-2022/assets/fonts/348D1F_9_0.woff]
[www.countrybank.com/wp-content/themes/CB-2022/assets/fonts/348D1F_9_0.ttf]
[www.countrybank.com/wp-content/themes/CB-2022/assets/fonts/348D1F_A_0.woff2]
[www.countrybank.com/wp-content/themes/CB-2022/assets/fonts/348D1F_A_0.woff]
[www.countrybank.com/wp-content/themes/CB-2022/assets/fonts/348D1F_A_0.ttf]
[www.countrybank.com/wp-content/themes/CB-2022/assets/fonts/348D1F_B_0.woff2]
[www.countrybank.com/wp-content/themes/CB-2022/assets/fonts/348D1F_B_0.woff]
[www.countrybank.com/wp-content/themes/CB-2022/assets/fonts/348D1F_B_0.ttf]
[www.countrybank.com/wp-content/themes/CB-2022/assets/fonts/348D1F_C_0.woff2]
[www.countrybank.com/wp-content/themes/CB-2022/assets/fonts/348D1F_C_0.woff]
[www.countrybank.com/wp-content/themes/CB-2022/assets/fonts/348D1F_C_0.ttf]
[www.countrybank.com/wp-content/themes/CB-2022/assets/fonts/348D1F_D_0.woff2]
[www.countrybank.com/wp-content/themes/CB-2022/assets/fonts/348D1F_D_0.woff]
[www.countrybank.com/wp-content/themes/CB-2022/assets/fonts/348D1F_D_0.ttf]
[www.countrybank.com/wp-content/themes/CB-2022/assets/fonts/Papelli-Bold.woff2]
[www.countrybank.com/wp-content/themes/CB-2022/assets/fonts/Papelli-Bold.woff]
[www.countrybank.com/wp-content/themes/CB-2022/assets/fonts/Papelli-Regular.woff2]
[www.countrybank.com/wp-content/themes/CB-2022/assets/fonts/Papelli-Regular.woff]
[www.countrybank.com/wp-content/themes/CB-2022/assets/fonts/Papelli-Medium.woff2]
[www.countrybank.com/wp-content/themes/CB-2022/assets/fonts/Papelli-Medium.woff]
[www.countrybank.com/wp-content/themes/CB-2022/assets/fonts/icons/fontello.woff2]
[www.countrybank.com/wp-content/themes/CB-2022/assets/fonts/icons/fontello.woff]
[www.countrybank.com/wp-content/themes/CB-2022/assets/fonts/icons/fontello.ttf]
[www.countrybank.com/wp-content/themes/CB-2022/assets/images/Wood-Grain-Super-Pale.jpg]
[www.countrybank.com/wp-content/themes/CB-2022/assets/images/bgs/gray-bg@2x.jpg]
[www.countrybank.com/wp-content/uploads/quote1.png]
[www.countrybank.com/wp-content/themes/CB-2022/assets/styles/screen6301.css]
[www.countrybank.com/wp-content/themes/CB-2022/assets/images/logo-countrybank.svg]
[www.countrybank.com/wp-json/wp/v2/pages/1164.json]
[www.countrybank.com/wp-json/oembed/1.0/embed7fb0.json]
[www.countrybank.com/indexa873.html]
[www.countrybank.com/wp-json/oembed/1.0/embedbec0]
[www.countrybank.com/wp-content/uploads/Calculators.jpg]
[www.countrybank.com/wp-content/uploads/everfi-starting-out-hub.png]
[www.countrybank.com/wp-content/uploads/everfi-banking-hub.png]
[www.countrybank.com/wp-content/uploads/everfi-loan-hub.png]
[www.countrybank.com/wp-content/uploads/everfi-retirement-hub.png]
[www.countrybank.com/wp-content/uploads/everfi-extras-hub.png]
[www.countrybank.com/wp-content/uploads/Free-Icon-279x300.png]
[www.countrybank.com/resources/personal-resources/financial-education/index.html]
[www.countrybank.com/wp-json/wp/v2/pages/194.json]
[www.countrybank.com/wp-json/oembed/1.0/embed407f.json]
[www.countrybank.com/indexc8fa.html]
[www.countrybank.com/wp-json/oembed/1.0/embed2c4c]
[www.countrybank.com/wp-content/uploads/Melissa-Stefanowich-530x663.jpg]
[www.countrybank.com/wp-content/uploads/Elise-Kowal2-530x663.jpg]
[www.countrybank.com/wp-content/uploads/Cynthia-Saucier-530x663.jpg]
[www.countrybank.com/exit/indexa470.html]
[www.countrybank.com/wp-content/uploads/Alexandrea-Graham-530x663.jpg]
[www.countrybank.com/wp-content/uploads/Lorraine-Askew-530x663.jpg]
[www.countrybank.com/wp-content/uploads/Tracey-Giard-530x663.jpg]
[www.countrybank.com/wp-content/uploads/Monica-Begin-e1657647765189-530x663.jpg]
[www.countrybank.com/wp-content/uploads/Kimberly-Eaton-530x663.jpg]
[www.countrybank.com/wp-content/uploads/Blair-Robidoux-530x663.jpg]
[www.countrybank.com/wp-content/uploads/Tracey-Wrzesien2-530x663.jpg]
[www.countrybank.com/wp-content/uploads/Shantie-Prashad-530x663.jpg]
[www.countrybank.com/wp-content/uploads/Swett.-Ashley.-Edited-Background-scaled-530x663.jpg]
[www.countrybank.com/customer-service/locations-atms/index.html]
[www.countrybank.com/wp-json/wp/v2/pages/193.json]
[www.countrybank.com/wp-json/oembed/1.0/embedc9d9.json]
[www.countrybank.com/index28c5.html]
[www.countrybank.com/wp-json/oembed/1.0/embed89c9]
[www.countrybank.com/wp-content/uploads/Customer-Service.jpg]
[www.countrybank.com/wp-content/uploads/CBK-11777_We-Think-Politeness.png]
[www.countrybank.com/customer-service/index.html]
[www.countrybank.com/wp-json/wp/v2/pages/196.json]
[www.countrybank.com/exit/index8c9e.html]
[www.countrybank.com/customer-service/c19faqs/index.html]
[www.countrybank.com/wp-json/oembed/1.0/embed080f.json]
[www.countrybank.com/indexf45e.html]
[www.countrybank.com/wp-json/oembed/1.0/embedaa9b]
[www.countrybank.com/wp-content/uploads/2017/08/06_CustomerService_ContactUs_1200x480.jpg]
[www.countrybank.com/wp-content/uploads/2017/08/ConsumerLoan.pdf]
[www.countrybank.com/rates/index.html]
[www.countrybank.com/exit/index5985.html]
[www.countrybank.com/exit/indexfd4c.html]
[www.countrybank.com/wp-json/wp/v2/pages/12440.json]
[www.countrybank.com/wp-json/oembed/1.0/embedb5df.json]
[www.countrybank.com/index295a.html]
[www.countrybank.com/wp-json/oembed/1.0/embed127b]
[www.countrybank.com/wp-content/uploads/285774882_2127461460747104_1288865288354843185_n.jpg]
[www.countrybank.com/wp-content/uploads/Country-Bank_050422-5868.jpg]
[www.countrybank.com/wp-content/uploads/Country-Bank_050422-2161-e1661461086263.jpg]
[www.countrybank.com/wp-content/uploads/Country-Bank_050422-6131-e1661461475758.jpg]
[www.countrybank.com/wp-content/uploads/ACE-photo-Lisa-Lovell-e1662048052526.jpg]
[www.countrybank.com/wp-content/uploads/Country-Bank_050422-5330.jpg]
[www.countrybank.com/exit/index7465.html]
[www.countrybank.com/wp-content/uploads/9-e1663082649337.jpg]
[www.countrybank.com/wp-content/uploads/Country-Bank_050422-2185.jpg]
[www.countrybank.com/cb-perks/index.html]
[www.countrybank.com/wp-content/uploads/Country-Bank_050422-1662.jpg]
[www.countrybank.com/the-country-bank-experience/index.html]
[www.countrybank.com/wp-content/uploads/Trecey-PPA-2021.jpg]
[www.countrybank.com/employee-recognition/index.html]
[www.countrybank.com/joinourteam/index.html]
[www.countrybank.com/wp-content/themes/CB-2022/assets/search/index.html]
[www.countrybank.com/wp-json/wp/v2/pages/136.json]
[www.countrybank.com/wp-json/oembed/1.0/embed06c7.json]
[www.countrybank.com/index9469.html]
[www.countrybank.com/wp-json/oembed/1.0/embeda233]
[www.countrybank.com/wp-content/uploads/Personal-with-Puppy.jpg]
[www.countrybank.com/personal/index.html]
[www.countrybank.com/wp-json/wp/v2/pages/149.json]
[www.countrybank.com/wp-json/oembed/1.0/embed6b1f.json]
[www.countrybank.com/index8bc8.html]
[www.countrybank.com/wp-json/oembed/1.0/embedb665]
[www.countrybank.com/wp-content/uploads/Personal-Banking.V2.jpg]
[www.countrybank.com/wp-content/uploads/eGuard-FAQs.pdf]
[www.countrybank.com/personal/checking-accounts/index.html]
[www.countrybank.com/personal/checking-accounts/kasasa-cash-checking/index.html]
[www.countrybank.com/wp-json/wp/v2/pages/15298.json]
[www.countrybank.com/wp-json/oembed/1.0/embed88ef.json]
[www.countrybank.com/index6d9f.html]
[www.countrybank.com/wp-json/oembed/1.0/embed0e79]
[www.countrybank.com/wp-content/uploads/Kasasa.jpg]
[www.countrybank.com/wp-content/uploads/Kasasa-Rewards-Comparison-new.png]
[www.countrybank.com/wp-content/uploads/2018/01/2021-Kasasa-Cash-and-Kasasa-Cash-Back-Checking-Qualification-Cycle.pdf]
[www.countrybank.com/personal/checking-accounts/kasasa-rewards-checking/index.html]
[www.countrybank.com/wp-json/wp/v2/pages/5009.json]
[www.countrybank.com/wp-json/oembed/1.0/embed7b6a.json]
[www.countrybank.com/index1863.html]
[www.countrybank.com/personal/checking-accounts/kasasa-protect/index.html]
[www.countrybank.com/wp-json/oembed/1.0/embed2167]
[www.countrybank.com/exit/indexe1dc.html]
[www.countrybank.com/wp-json/wp/v2/pages/8871.json]
[www.countrybank.com/exit/indexd4f3.html]
[www.countrybank.com/exit/index7de9.html]
[www.countrybank.com/wp-json/oembed/1.0/embed1caf.json]
[www.countrybank.com/index6d86.html]
[www.countrybank.com/wp-json/oembed/1.0/embed2415]
[www.countrybank.com/wp-content/uploads/checking-1200x430.png]
[www.countrybank.com/wp-content/uploads/Icon-Groups.v4-e1568039566632.png]
[www.countrybank.com/wp-content/uploads/Line-e1567691317849.png]
[www.countrybank.com/wp-content/uploads/3-2-300x178.jpg]
[www.countrybank.com/wp-content/uploads/Account-Information-Image-1024x819.png]
[www.countrybank.com/wp-content/uploads/7-1-300x191.jpg]
[www.countrybank.com/wp-content/uploads/8-2-300x164.jpg]
[www.countrybank.com/wp-content/uploads/Tips-to-know.V2-e1567704520687-1024x920.png]
[www.countrybank.com/wp-content/uploads/11-300x131.jpg]
[www.countrybank.com/wp-content/uploads/1-1-300x163.jpg]
[www.countrybank.com/wp-content/uploads/ID-e1567733537452.png]
[www.countrybank.com/student-checking/index.html]
[www.countrybank.com/identification/index.html]
[www.countrybank.com/wp-json/wp/v2/pages/150.json]
[www.countrybank.com/wp-json/oembed/1.0/embed93ea.json]
[www.countrybank.com/index56d6.html]
[www.countrybank.com/wp-json/oembed/1.0/embeddfca]
[www.countrybank.com/wp-content/uploads/Student-Banking.jpg]
[www.countrybank.com/personal/youth-accounts/index.html]
[www.countrybank.com/customer-service/rates/index.html]
[www.countrybank.com/wp-json/wp/v2/pages/160.json]
[www.countrybank.com/personal/youth-accounts/financial-literacy-programs/index.html]
[www.countrybank.com/exit/index8ca3.html]
[www.countrybank.com/wp-json/oembed/1.0/embed231c.json]
[www.countrybank.com/index9c2b.html]
[www.countrybank.com/wp-json/oembed/1.0/embed471d]
[www.countrybank.com/wp-content/uploads/GettyImages-1335930216.jpg]
[www.countrybank.com/personal/eservices/index.html]
[www.countrybank.com/wp-json/wp/v2/pages/13606.json]
[www.countrybank.com/exit/indexf752.html]
[www.countrybank.com/wp-json/oembed/1.0/embedf683.json]
[www.countrybank.com/index201c.html]
[www.countrybank.com/wp-json/oembed/1.0/embed321e]
[www.countrybank.com/wp-content/uploads/DebitCardHeader.jpg]
[www.countrybank.com/wp-content/uploads/Relax.png]
[www.countrybank.com/wp-content/uploads/MC-Intro-e1600197627874.jpg]
[www.countrybank.com/wp-content/uploads/MC-Intro.-2-e1600197757935.jpg]
[www.countrybank.com/wp-content/uploads/MC-1-530x630.jpg]
[www.countrybank.com/wp-content/uploads/MC-2-530x630.jpg]
[www.countrybank.com/faqs/mastercard-automatic-billing-updater-abu/index.html]
[www.countrybank.com/exit/indexafb5.html]
[www.countrybank.com/wp-content/uploads/MC-3.v2-530x630.jpg]
[www.countrybank.com/wp-content/uploads/MC-Info.1-e1600168570591.png]
[www.countrybank.com/wp-content/uploads/MC-Info.1-1-e1600168629220.png]
[www.countrybank.com/wp-content/uploads/WhatIsAChipCard-e1600180669874.jpg]
[www.countrybank.com/wp-content/uploads/NeedCardAssistance-e1600180637709.jpg]
[www.countrybank.com/chipcard/index.html]
[www.countrybank.com/wp-json/wp/v2/pages/161.json]
[www.countrybank.com/wp-json/oembed/1.0/embed97da.json]
[www.countrybank.com/index8816.html]
[www.countrybank.com/wp-json/oembed/1.0/embed14a7]
[www.countrybank.com/wp-content/uploads/2017/12/Personal_EServices_1200x480_v2.jpg]
[www.countrybank.com/wp-content/uploads/CBK-11777_Short-Headers_MobileApp-R3.png]
[www.countrybank.com/wp-content/uploads/2017/08/Mobile-App-Landing-Page-Banner-1024x555.jpg]
[www.countrybank.com/personal/mobile-app/index.html]
[www.countrybank.com/wp-json/wp/v2/pages/159.json]
[www.countrybank.com/customer-service/faqs/mobile-banking/index.html]
[www.countrybank.com/wp-json/oembed/1.0/embedea51.json]
[www.countrybank.com/indexb950.html]
[www.countrybank.com/wp-json/oembed/1.0/embed1b11]
[www.countrybank.com/wp-content/uploads/4-1.png]
[www.countrybank.com/wp-content/uploads/CBK-11777_Short-Headers_SavingsMoney-R3.png]
[www.countrybank.com/wp-content/uploads/2017/08/Medallion-Stamp-Customer-Checklist.pdf]
[www.countrybank.com/personal/savings-cds/index.html]
[www.countrybank.com/wp-json/wp/v2/pages/4958.json]
[www.countrybank.com/wp-json/oembed/1.0/embed8b1e.json]
[www.countrybank.com/index2d4a.html]
[www.countrybank.com/wp-json/oembed/1.0/embedf50a]
[www.countrybank.com/wp-content/uploads/CBK-11777_Would-You-Care-to-Earn.png]
[www.countrybank.com/personal/savings-cds/kasasa-saver/index.html]
[www.countrybank.com/wp-json/wp/v2/pages/165.json]
[www.countrybank.com/wp-json/oembed/1.0/embed784b.json]
[www.countrybank.com/index17d5.html]
[www.countrybank.com/wp-json/oembed/1.0/embed7c47]
[www.countrybank.com/wp-content/uploads/Consumer-Loans.jpg]
[www.countrybank.com/wp-content/uploads/InfoNeededAutoLoan.pdf]
[www.countrybank.com/creditbooster/index.html]
[www.countrybank.com/wp-content/uploads/InfoNeededUnsecuredLoan.pdf]
[www.countrybank.com/wp-content/uploads/InfoNeededHeatLoan.pdf]
[www.countrybank.com/personal/consumer-loans-2/index.html]
[www.countrybank.com/exit/index8dd5.html]
[www.countrybank.com/wp-json/wp/v2/pages/162.json]
[www.countrybank.com/wp-json/oembed/1.0/embed5000.json]
[www.countrybank.com/indexbbc7.html]
[www.countrybank.com/wp-json/oembed/1.0/embed6fbe]
[www.countrybank.com/wp-content/uploads/Retirement.jpg]
[www.countrybank.com/wp-content/uploads/CBK-11777_Short-Headers_Retirement-R3.png]
[www.countrybank.com/personal/retirement-accounts/index.html]
[www.countrybank.com/wp-json/wp/v2/pages/13203.json]
[www.countrybank.com/wp-json/oembed/1.0/embedd5ae.json]
[www.countrybank.com/index28b2.html]
[www.countrybank.com/wp-json/oembed/1.0/embeda20f]
[www.countrybank.com/personal/mortgages/index.html]
[www.countrybank.com/wp-content/plugins/tablepress/js/jquery.datatables.mind50e.js]
[www.countrybank.com/personal/mortgages/prequalify-for-mortgage-or-home-equity-online/index.html]
[www.countrybank.com/personal/mortgages/apply-for-mortgage-or-home-equity-online/index.html]
[www.countrybank.com/personal/mortgages/construction/index.html]
[www.countrybank.com/wp-json/wp/v2/pages/1846.json]
[www.countrybank.com/personal/mortgages/guide-to-credit-reports-scores/index.html]
[www.countrybank.com/wp-json/oembed/1.0/embeda16f.json]
[www.countrybank.com/indexc3f5.html]
[www.countrybank.com/wp-json/oembed/1.0/embed6009]
[www.countrybank.com/wp-content/uploads/Loan-Professionals.jpg]
[www.countrybank.com/wp-content/uploads/Justin-Calhano-e1650028869155-530x663.jpg]
[www.countrybank.com/exit/indexae5a.html]
[www.countrybank.com/exit/index5ade.html]
[www.countrybank.com/wp-content/uploads/Janelle-Soucia-1-530x663.jpg]
[www.countrybank.com/wp-content/uploads/JoMaria-Velez3-530x663.jpg]
[www.countrybank.com/exit/index54cd.html]
[www.countrybank.com/exit/indexfa72.html]
[www.countrybank.com/wp-content/uploads/Kelly-Kemp-530x663.jpg]
[www.countrybank.com/exit/indexb219.html]
[www.countrybank.com/wp-content/uploads/Jason-Mourao-530x663.jpeg]
[www.countrybank.com/wp-content/uploads/Salema-DeSantis-530x663.jpg]
[www.countrybank.com/exit/index349f.html]
[www.countrybank.com/wp-content/uploads/Country-Banks-Mortgage-Professionals_-04-01-2022.pdf]
[www.countrybank.com/personal/loan-professionals/index.html]
[www.countrybank.com/exit/indexbad4.html]
[www.countrybank.com/exit/index3407.html]
[www.countrybank.com/exit/index3d81.html]
[www.countrybank.com/wp-json/wp/v2/pages/18860.json]
[www.countrybank.com/wp-json/oembed/1.0/embedbe68.json]
[www.countrybank.com/index4672.html]
[www.countrybank.com/wp-json/oembed/1.0/embed9e36]
[www.countrybank.com/wp-content/uploads/3-3.png]
[www.countrybank.com/wp-content/uploads/Family-MTG-FMS-e1665601380513.jpg]
[www.countrybank.com/wp-content/uploads/Packing.jpg]
[www.countrybank.com/wp-content/plugins/gravityforms/legacy/css/formreset.minfc72.css]
[www.countrybank.com/wp-content/plugins/gravityforms/legacy/css/formsmain.minfc72.css]
[www.countrybank.com/wp-content/plugins/gravityforms/legacy/css/readyclass.minfc72.css]
[www.countrybank.com/wp-content/plugins/gravityforms/legacy/css/browsers.minfc72.css]
[www.countrybank.com/wp-includes/js/dist/vendor/regenerator-runtime.min3937.js]
[www.countrybank.com/wp-includes/js/dist/vendor/wp-polyfill.min2c7c.js]
[www.countrybank.com/wp-includes/js/dist/dom-ready.min9aec.js]
[www.countrybank.com/wp-includes/js/dist/hooks.mincbb5.js]
[www.countrybank.com/wp-includes/js/dist/i18n.min771a.js]
[www.countrybank.com/wp-includes/js/dist/a11y.min416f.js]
[www.countrybank.com/wp-content/plugins/gravityforms/js/jquery.json.minfc72.js]
[www.countrybank.com/wp-content/plugins/gravityforms/js/gravityforms.minfc72.js]
[www.google.com/recaptcha/api61a2.js]
[www.countrybank.com/wp-content/plugins/gravityforms/js/jquery.maskedinput.minfc72.js]
[www.countrybank.com/no-down-payment-first-time-homebuyer-program/index.html]
[www.countrybank.com/wp-content/plugins/gravityforms/js/placeholders.jquery.minfc72.js]
[www.countrybank.com/wp-json/wp/v2/pages/15915.json]
[www.countrybank.com/wp-json/oembed/1.0/embed7c39.json]
[www.countrybank.com/indexea8f.html]
[www.countrybank.com/personal/consumer-loans/index.html]
[www.countrybank.com/wp-json/oembed/1.0/embedc5e0]
[www.countrybank.com/wp-json/wp/v2/pages/171.html]
[www.countrybank.com/business/index.html]
[www.countrybank.com/business/business-lending-3/index.html]
[www.countrybank.com/businessexpress/index.html]
[www.countrybank.com/eloan/index.html]
[www.countrybank.com/business/lending-officers/index.html]
[www.countrybank.com/business/business-deposit-services/index.html]
[www.countrybank.com/business/business-deposit-services/cash-management/index.html]
[www.countrybank.com/resources/business-resources/index.html]
[www.countrybank.com/resources/index.html]
[www.countrybank.com/resources/personal-resources/index.html]
[www.countrybank.com/resources/mortgage-resources/index.html]
[www.countrybank.com/resources/fraud-security/index.html]
[www.countrybank.com/resources/calculators/index.html]
[www.countrybank.com/about-us/index.html]
[www.countrybank.com/about-us/career-opportunities/index.html]
[www.countrybank.com/communications-center/index.html]
[www.countrybank.com/events-calendar/index.html]
[www.countrybank.com/personal/youth-accounts/most-valuable-teacher/index.html]
[www.countrybank.com/about-us/safety-soundness/index.html]
[www.countrybank.com/about-us/donation-request-form/index.html]
[www.countrybank.com/even-hard-work-needs-a-partner/index.html]
[www.countrybank.com/about-us/annual-report-2/index.html]
[www.countrybank.com/about-us/board-members/index.html]
[www.countrybank.com/wp-content/uploads/Icon-Piggy-Bank.svg]
[www.countrybank.com/wp-content/uploads/Icon-House.svg]
[www.countrybank.com/wp-content/uploads/Icon-Hand-Coin.svg]
[www.countrybank.com/wp-content/uploads/Icon-Bank.svg]
[www.countrybank.com/customer-service/contact-us/index.html]
[www.countrybank.com/wp-content/uploads/Icon-Email.svg]
[www.countrybank.com/wp-content/uploads/Icon-Phone.svg]
[www.countrybank.com/exit/indexe736.html]
[www.countrybank.com/exit/index61bd.html]
[www.countrybank.com/exit/index04c7.html]
[www.countrybank.com/exit/indexe61c.html]
[www.countrybank.com/gowoosox/index.html]
[www.countrybank.com/legal-notices/terms-of-use/index.html]
[www.countrybank.com/exit/index41ea.html]
[www.countrybank.com/exit/indexae9d.html]
[www.countrybank.com/exit/indexc28b.html]
[www.countrybank.com/customer-service/check-reorder/index.html]
[www.countrybank.com/customer-service/faqs/index.html]
[www.countrybank.com/customer-service/register-for-enews/index.html]
[www.countrybank.com/wp-content/themes/CB-2022/assets.html]
[www.countrybank.com/wp-content/themes/CB-2022.html]
[www.countrybank.com/kasasa-saver/index.html]
[www.countrybank.com/sbappp/index.html]
[www.countrybank.com/personal/student-banking/index.html]
[www.countrybank.com/exit/index366f.html]
[www.countrybank.com/exit/index27c0.html]
[www.countrybank.com/exit/index.html]
[www.countrybank.com/index63e6.html]
[www.countrybank.com/wp-content/themes/CB-2022/assets/images/Fancy-Underline-Short.svg]
[www.countrybank.com/wp-content/themes/CB-2022/assets/images/Fancy-Underline-Long.svg]
[www.countrybank.com/wp-content/uploads/WooSox-Logo-White.svg]
[www.countrybank.com/indexa873.html]
[www.countrybank.com/indexc8fa.html]
[www.countrybank.com/exit/indexa470.html]
[www.countrybank.com/index28c5.html]
[www.countrybank.com/customer-service/c19faqs/index.html]
[www.countrybank.com/exit/index8c9e.html]
[www.countrybank.com/indexf45e.html]
[www.countrybank.com/exit/index5985.html]
[www.countrybank.com/exit/indexfd4c.html]
[www.countrybank.com/index295a.html]
[www.countrybank.com/exit/index7465.html]
[www.countrybank.com/cb-perks/index.html]
[www.countrybank.com/the-country-bank-experience/index.html]
[www.countrybank.com/employee-recognition/index.html]
[www.countrybank.com/index9469.html]
[www.countrybank.com/index8bc8.html]
[www.countrybank.com/personal/checking-accounts/kasasa-cash-checking/index.html]
[www.countrybank.com/index6d9f.html]
[www.countrybank.com/index1863.html]
[www.countrybank.com/exit/indexe1dc.html]
[www.countrybank.com/exit/indexd4f3.html]
[www.countrybank.com/exit/index7de9.html]
[www.countrybank.com/index6d86.html]
[www.countrybank.com/identification/index.html]
[www.countrybank.com/index56d6.html]
[www.countrybank.com/personal/youth-accounts/financial-literacy-programs/index.html]
[www.countrybank.com/customer-service/rates/index.html]
[www.countrybank.com/exit/index8ca3.html]
[www.countrybank.com/index9c2b.html]
[www.countrybank.com/exit/indexf752.html]
[www.countrybank.com/index201c.html]
[www.countrybank.com/exit/indexafb5.html]
[www.countrybank.com/faqs/mastercard-automatic-billing-updater-abu/index.html]
[www.countrybank.com/index8816.html]
[www.countrybank.com/wp-content/uploads/2018/01/google-play-badge.svg]
[www.countrybank.com/wp-content/uploads/2018/01/app-store-badge.svg]
[www.countrybank.com/customer-service/faqs/mobile-banking/index.html]
[www.countrybank.com/indexb950.html]
[www.countrybank.com/index2d4a.html]
[www.countrybank.com/index17d5.html]
[www.countrybank.com/creditbooster/index.html]
[www.countrybank.com/exit/index8dd5.html]
[www.countrybank.com/indexbbc7.html]
[www.countrybank.com/index28b2.html]
[www.countrybank.com/personal/mortgages/construction/index.html]
[www.countrybank.com/personal/mortgages/prequalify-for-mortgage-or-home-equity-online/index.html]
[www.countrybank.com/personal/mortgages/apply-for-mortgage-or-home-equity-online/index.html]
[www.countrybank.com/personal/mortgages/guide-to-credit-reports-scores/index.html]
[www.countrybank.com/indexc3f5.html]
[www.countrybank.com/exit/indexae5a.html]
[www.countrybank.com/exit/index5ade.html]
[www.countrybank.com/exit/index54cd.html]
[www.countrybank.com/exit/indexfa72.html]
[www.countrybank.com/exit/indexb219.html]
[www.countrybank.com/exit/index349f.html]
[www.countrybank.com/exit/index3407.html]
[www.countrybank.com/exit/index3d81.html]
[www.countrybank.com/index4672.html]
[www.countrybank.com/wp-content/plugins/gravityforms/images/spinner.svg]
[www.countrybank.com/wp-content/plugins/gravityforms/legacy/css/formreset.minfc72.css]
[www.countrybank.com/wp-content/plugins/gravityforms/legacy/css/formsmain.minfc72.css]
[www.countrybank.com/wp-content/plugins/gravityforms/legacy/css/readyclass.minfc72.css]
[www.countrybank.com/wp-content/plugins/gravityforms/legacy/css/browsers.minfc72.css]
[www.countrybank.com/indexea8f.html]
